// Jest Snapshot v1, https://goo.gl/fbAQLP

exports[`AppFeatures component should match the snapshot 1`] = `
<div
  className=""
>
  <div
    className=""
  >
    <video
      autoPlay={true}
      className="heroVideo"
      loop={true}
      muted={true}
    >
      <source
        src="test-file-stub"
      />
    </video>
  </div>
  <div
    className=""
  >
    <div
      className=""
    >
      <img
        className=""
        src="test-file-stub"
      />
      <p
        className=""
      >
        map
      </p>
    </div>
    <div
      className=""
    >
      <p
        className=""
      >
        finikDescr
      </p>
    </div>
    <div
      className=""
      style={
        {
          "gap": 24,
        }
      }
    >
      <a>
        <div
          className=""
        >
          <div
            className=""
          >
            <img
              className=""
              src="test-file-stub"
            />
          </div>
          <div
            className=""
          >
            <p
              className=""
            >
              goToThe
            </p>
            <p
              className=""
            >
              Web app
            </p>
          </div>
        </div>
      </a>
      <a>
        <div
          className=""
        >
          <div
            className=""
          >
            <img
              className=""
              src="test-file-stub"
            />
          </div>
          <div
            className=""
          >
            <p
              className=""
            >
              getItOn
            </p>
            <p
              className=""
            >
              Google Play
            </p>
          </div>
        </div>
      </a>
      <a>
        <div
          className=""
        >
          <div
            className=""
          >
            <img
              className=""
              src="test-file-stub"
            />
          </div>
          <div
            className=""
          >
            <p
              className=""
            >
              downloadOnThe
            </p>
            <p
              className=""
            >
              App Store
            </p>
          </div>
        </div>
      </a>
    </div>
  </div>
</div>
`;
